I 00:00:00.000 g/l/j/log/cmdlogger_test.go:25: this is an info message[ctx_key=ctx_val,info_key=info_val]
E 00:00:00.000 g/l/j/log/cmdlogger_test.go:26: error(s) [ctx_key=ctx_val]
 ðŸš¨ EOF(error without stack trace)
E 00:00:00.000 g/l/j/log/cmdlogger_test.go:27: error(s) [ctx_key=ctx_val,error_key=error_val]
 ðŸš¨ example error[error_key=error_val]
  - cmdlogger_test.go TestCmdLogger
E 00:00:00.000 g/l/j/log/cmdlogger_test.go:33: error(s) [ctx_key=ctx_val]
 ðŸš¨ error one
  - cmdlogger_test.go TestCmdLogger
 ðŸš¨ error two
  - cmdlogger_test.go TestCmdLogger
