{"message":"test error","source":"github.com/luno/jettison/log/source_test.go:29","level":"error","timestamp":"0001-01-01T00:00:00Z","error_code":"test error","error_object":{"code":"","source":"source_test.go TestSourceError","message":"test error","stack":["log.test"],"stacktrace":[{"\u003e":["source_test.go TestSourceError"]}]}}
