github.com/luno/jettison/trace/stack_test.go callingFunction
github.com/luno/jettison/trace/stack_test.go TestStackTrace.func1