github.com/luno/jettison/trace/stack_test.go callingFunction